// Jest Snapshot v1, https://goo.gl/fbAQLP

exports[`<App /> renders to the page 1`] = `
<Fragment>
  <div
    className="App"
  >
    <Header />
    <If
      condition={false}
    >
      <p
        className="fetch-error"
      >
        Please enter a valid search URL
      </p>
    </If>
    <form>
      <label>
        Enter API URL:
        <input
          className="text-input"
          onChange={[Function]}
          type="text"
          value="https://swapi.co/api/people/"
        />
      </label>
      <div>
        <button
          className="submit get"
          onClick={[Function]}
          type="button"
        >
          GET
        </button>
        <button
          className="submit"
          onClick={[Function]}
          type="button"
        >
          PUT
        </button>
        <button
          className="submit"
          onClick={[Function]}
          type="button"
        >
          POST
        </button>
        <button
          className="submit"
          onClick={[Function]}
          type="button"
        >
          DELETE
        </button>
      </div>
    </form>
    <If
      condition={false}
    >
      <img
        className="loading"
        src="loading.gif"
      />
    </If>
    <If
      condition={true}
    >
      <Results
        headers={Object {}}
      />
    </If>
    <Footer />
  </div>
</Fragment>
`;
